{
  "system": "original 3D Leslie",
  "theta": [
    28.9,
    29.8,
    22.0
  ],
  "survival": [
    0.7,
    0.7
  ],
  "bounds": {
    "lower": [
      0.0,
      0.0,
      0.0
    ],
    "upper": [
      220.0,
      154.0,
      108.0
    ]
  },
  "subdivision": {
    "init": 10,
    "min": 20,
    "max": 42,
    "limit": 10000
  },
  "box_map": "CMGDB.BoxMap(f, rect, padding=False)",
  "cmgdb": {
    "version": "1.3.3",
    "module_path": "/Users/bdoprad/Work/Projects/latent-dynamics/archive/CMGDB/src/CMGDB/__init__.py"
  },
  "algorithm": "ComputeMorseGraph",
  "compute_seconds": 0.173,
  "morse_nodes": 2,
  "edges": [
    [
      1,
      0
    ]
  ],
  "minimal_nodes": [
    0
  ],
  "minimal_node_count": 1
}
