using local CMGDB: /Users/bdoprad/Work/Projects/latent-dynamics/archive/CMGDB/src/CMGDB/__init__.py
using on-demand exact Leslie box map on [0.0, 0.0] -> [90.0, 70.0]
box-map setup finished in 0.00 minutes
computing Conley--Morse graph
{
  "system": "2d",
  "map": {
    "implementation": "projection of latentdynamics.systems.LeslieContraction.step onto zero-based coordinates [0,1] with coordinates [2,...,9] set to zero",
    "source_config": "leslie_2gen_contraction.yaml",
    "ambient_dimension": 10,
    "ambient_parameters": {
      "th1": 23.5,
      "th2": 23.5,
      "survival_p1": 0.7,
      "contraction": 0.25
    },
    "ambient_bounds": {
      "lower": [
        0.0,
        0.0,
        0.0,
        0.0,
        0.0,
        0.0,
        0.0,
        0.0,
        0.0,
        0.0
      ],
      "upper": [
        90.0,
        70.0,
        100.0,
        100.0,
        100.0,
        100.0,
        100.0,
        100.0,
        100.0,
        100.0
      ]
    },
    "invariant_plane": "x[2]=...=x[9]=0 (zero-based indexing)",
    "parameter_match_by_construction": true
  },
  "bounds": {
    "lower": [
      0.0,
      0.0
    ],
    "upper": [
      90.0,
      70.0
    ]
  },
  "subdivision": {
    "init": 26,
    "min": 30,
    "max": 40,
    "limit": 10000
  },
  "padding": true,
  "rendering": {
    "min_box_side_frac": 0.0025,
    "display_only": true,
    "node_colors": {
      "0": "#DC267F",
      "1": "#FFB000",
      "2": "#FE6100",
      "3": "#7F7F7F",
      "4": "#785EF0"
    },
    "color_correspondence": "attractors matched by dynamical role; nonminimal nodes matched by equal Conley index; unmatched direct node 3 shown in grey"
  },
  "box_map_backend": "on_demand",
  "cmgdb": {
    "distribution_version": "1.3.3",
    "source": "archive/CMGDB",
    "module_path": "/Users/bdoprad/Work/Projects/latent-dynamics/archive/CMGDB/src/CMGDB/__init__.py"
  },
  "setup_seconds": 0.0,
  "compute_seconds": 3244.511,
  "morse_nodes": 6,
  "minimal_nodes": [
    0,
    2
  ],
  "minimal_node_count": 2,
  "three_dimensional_preview": false
}
artifacts: output/original_leslie/leslie_2d_exact_restriction_s26_30_40_on_demand
